14:09:49 **** Incremental Build of configuration Debug for project 09_ADC_DAC ****
make -j12 all 
arm-none-eabi-gcc "../Src/main.c" -mcpu=cortex-m4 -std=gnu11 -g3 -DDEBUG -DSTM32 -DSTM32F4 -DSTM32F446RETx -DNUCLEO_F446RE -DSTM32F446xx -c -I../Inc -I/home/raunak-kar/Dev_tools/STM32/CMSIS/F446RE/Device/ST/STM32F4xx/Include -I/home/raunak-kar/Dev_tools/STM32/CMSIS/F446RE/Include -O0 -ffunction-sections -fdata-sections -Wall -fstack-usage -fcyclomatic-complexity -MMD -MP -MF"Src/main.d" -MT"Src/main.o" --specs=nano.specs -mfpu=fpv4-sp-d16 -mfloat-abi=hard -mthumb -o "Src/main.o"
arm-none-eabi-gcc -o "09_ADC_DAC.elf" @"objects.list"   -mcpu=cortex-m4 -T"/home/raunak-kar/Learning/Embedded_systems/Embedded_Systems_Using_STM32_Mazidi/09_ADC_DAC/STM32F446RETX_FLASH.ld" --specs=nosys.specs -Wl,-Map="09_ADC_DAC.map" -Wl,--gc-sections -static -u_printf_float --specs=nano.specs -mfpu=fpv4-sp-d16 -mfloat-abi=hard -mthumb -Wl,--start-group -lc -lm -Wl,--end-group
Finished building target: 09_ADC_DAC.elf
 
arm-none-eabi-size  09_ADC_DAC.elf 
arm-none-eabi-objdump -h -S 09_ADC_DAC.elf  > "09_ADC_DAC.list"
   text	   data	    bss	    dec	    hex	filename
  16124	    456	   1904	  18484	   4834	09_ADC_DAC.elf
Finished building: default.size.stdout
 
Finished building: 09_ADC_DAC.list
 
14:09:52 **** Incremental Build of configuration Debug for project 09_ADC_DAC ****
make -j12 all 
arm-none-eabi-size  09_ADC_DAC.elf 
   text	   data	    bss	    dec	    hex	filename
  16124	    456	   1904	  18484	   4834	09_ADC_DAC.elf
Finished building: default.size.stdout
 
